***** External Functions *****
1    AppSearch                                          isrt.obl(Driver.obs)
2    AskYesNo                                           isrt.obl(AskYesNo.obs)
3    CCPSearch                                          isrt.obl(Driver.obs)
4    CloseFile                                          isrt.obl(Files.obs)
5    CmdGetHwndDlg                                      isrt.obl(CustomDialog.obs)
6    ComponentAddFileToLog                              isrt.obl(component.obs)
7    ComponentCompareSizeRequired                       isrt.obl(component.obs)
8    ComponentErrorInfo                                 isrt.obl(component.obs)
9    ComponentFilterLanguage                            isrt.obl(component.obs)
10   ComponentFilterOS                                  isrt.obl(component.obs)
11   ComponentGetData                                   isrt.obl(component.obs)
12   ComponentGetTotalCost                              isrt.obl(component.obs)
13   ComponentIsItemSelected                            isrt.obl(component.obs)
14   ComponentListItems                                 isrt.obl(component.obs)
15   ComponentPatch                                     isrt.obl(component.obs)
16   ComponentReinstall                                 isrt.obl(component.obs)
17   ComponentRemoveAll                                 isrt.obl(component.obs)
18   ComponentRemoveAllInMedia                          isrt.obl(component.obs)
19   ComponentSaveTarget                                isrt.obl(component.obs)
20   ComponentSelectItem                                isrt.obl(component.obs)
21   ComponentSelectNew                                 isrt.obl(component.obs)
22   ComponentSetTarget                                 isrt.obl(component.obs)
23   ComponentSetupTypeSet                              isrt.obl(component.obs)
24   ComponentTransferData                              isrt.obl(component.obs)
25   ComponentTreeInit                                  isrt.obl(Dialogs.obs)
26   ComponentValidate                                  isrt.obl(component.obs)
27   CreateDir                                          isrt.obl(Files.obs)
28   CreateFile                                         isrt.obl(Files.obs)
29   CreateInstallationInfo                             isrt.obl(Registry.obs)
30   CreateObject                                       isrt.obl(Misc.obs)
31   CreateRegistrySet                                  isrt.obl(component.obs)
32   CtrlGetNotificationCode                            isrt.obl(CustomDialog.obs)
33   CtrlGetState                                       isrt.obl(CustomDialog.obs)
34   CtrlGetText                                        isrt.obl(CustomDialog.obs)
35   CtrlSelectText                                     isrt.obl(CustomDialog.obs)
36   CtrlSetState                                       isrt.obl(CustomDialog.obs)
37   CtrlSetText                                        isrt.obl(CustomDialog.obs)
38   DefineDialog                                       isrt.obl(CustomDialog.obs)
39   DeleteFile                                         isrt.obl(Files.obs)
40   DialogSetDefaultFont                               isrt.obl(Dialogs.obs)
41   DialogSetFont                                      isrt.obl(Dialogs.obs)
42   DialogSetInfo                                      isrt.obl(Dialogs.obs)
43   Disable                                            isrt.obl(Enable.obs)
44   DllSizeOf                                          isrt.obl(Str.obs)
45   Do                                                 isrt.obl(Misc.obs)
46   Enable                                             isrt.obl(Enable.obs)
47   EndCurrentDialog                                   isrt.obl(Dialogs.obs)
48   EndDialog                                          isrt.obl(CustomDialog.obs)
49   EnterDisk                                          isrt.obl(EnterDisk.obs)
50   EnterPassword                                      isrt.obl(EnterPasswordDlg.obs)
51   ExistsDir                                          isrt.obl(Files.obs)
52   ExistsDisk                                         isrt.obl(Files.obs)
53   ExitInstall                                        isrt.obl(Driver.obs)
54   EzDefineDialog                                     isrt.obl(CustomDialog.obs)
55   FinalConstruct                                     ifx.obl(EventsPriv.obs)
56   FinalRelease                                       ifx.obl(EventsPriv.obs)
57   FindFile                                           isrt.obl(Files.obs)
58   FormatMessage                                      isrt.obl(Misc.obs)
59   GDI32.CreateRectRgn                                isrt.obl(AskDestPathDlg.obs)
60   GDI32.GetDeviceCaps                                isrt.obl(AskDestPathDlg.obs)
61   GetBillboard                                       isrt.obl(SysVars.obs)
62   GetCommonFiles                                     isrt.obl(SysVars.obs)
63   GetCurrentDialogName                               isrt.obl(Dialogs.obs)
64   GetDialogTitle                                     isrt.obl(Dialogs.obs)
65   GetDir                                             isrt.obl(Str.obs)
66   GetDisk                                            isrt.obl(Str.obs)
67   GetDiskSpace                                       isrt.obl(GSI.obs)
68   GetDiskSpaceEx                                     isrt.obl(GSI.obs)
69   GetEnabledIServices                                isrt.obl(SysVars.obs)
70   GetEngineDir                                       isrt.obl(SysVars.obs)
71   GetErrorMsg                                        isrt.obl(Dialogs.obs)
72   GetErrorTitle                                      isrt.obl(Dialogs.obs)
73   GetExtents                                         isrt.obl(GSI.obs)
74   GetISRes                                           isrt.obl(SysVars.obs)
75   GetInstanceGUID                                    isrt.obl(SysVars.obs)
76   GetLog                                             isrt.obl(SysVars.obs)
77   GetMaintOption                                     isrt.obl(SysVars.obs)
78   GetMaintenance                                     isrt.obl(SysVars.obs)
79   GetOpenFileMode                                    isrt.obl(Files.obs)
80   GetPackageLocation                                 isrt.obl(SysVars.obs)
81   GetProductGUID                                     isrt.obl(SysVars.obs)
82   GetProfSectionKeyCount                             isrt.obl(Profile.obs)
83   GetProfString                                      isrt.obl(Profile.obs)
84   GetProfStringList                                  isrt.obl(Profile.obs)
85   GetProgramFiles                                    isrt.obl(SysVars.obs)
86   GetRemoveAllMode                                   isrt.obl(SysVars.obs)
87   GetSelectedLanguage                                isrt.obl(SysVars.obs)
88   GetSelectedTreeComponent                           isrt.obl(CmptView.obs)
89   GetShowPasswordDialog                              isrt.obl(SysVars.obs)
90   GetSupportDir                                      isrt.obl(SysVars.obs)
91   GetSystemInfo                                      isrt.obl(GSI.obs)
92   GetTempFolder                                      isrt.obl(SysVars.obs)
93   GetWinDir                                          isrt.obl(SysVars.obs)
94   GetWinSysDir                                       isrt.obl(SysVars.obs)
95   GetWindowHandle                                    isrt.obl(Misc.obs)
96   HIWORD                                             isrt.obl(Misc.obs)
97   ISDeterminePlatform                                isrt.obl(OsInfo.obs)
98   ISMIF32.InstallStatusMIF                           isrt.obl(MIF.obs)
99   ISRT.ComponentViewSetInfoEx                        isrt.obl(Dialogs.obs)
100  ISRT.EnableHourGlass                               isrt.obl(Enable.obs)
101  ISRT.GetCPUType                                    isrt.obl(GSI.obs)
102  ISRT.GetFontSub                                    isrt.obl(Dialogs.obs)
103  ISRT.GetHandle                                     setup.obs
104  ISRT.GetPorts                                      isrt.obl(GSI.obs)
105  ISRT.IsEmpty                                       setup.obs
106  ISRT.IsNTAdmin                                     isrt.obl(Is.obs)
107  ISRT.IsObject                                      setup.obs
108  ISRT.IsPowerUser                                   isrt.obl(Is.obs)
109  ISRT.LangLoadString                                isrt.obl(SDINT.obs)
110  ISRT.MessageBeepP                                  setup.obs
111  ISRT.PathCompactPathPixel                          isrt.obl(CustomDialog.obs)
112  ISRT.PathGetDir                                    isrt.obl(Str.obs)
113  ISRT.PathGetDrive                                  isrt.obl(Str.obs)
114  ISRT.PathGetFile                                   isrt.obl(Files.obs)
115  ISRT.PathGetFileExt                                isrt.obl(Str.obs)
116  ISRT.PathGetFileName                               isrt.obl(Str.obs)
117  ISRT.PathGetLongFromShort                          isrt.obl(Str.obs)
118  ISRT.PathGetPath                                   isrt.obl(Str.obs)
119  ISRT.PathGetSpecialFolder                          isrt.obl(SysVars.obs)
120  ISRT.PathIsValidSyntax                             isrt.obl(Is.obs)
121  ISRT.VerGetFileVersion                             setup.obs
122  ISRT._AppSearch                                    setup.obs
123  ISRT._BrowseForFolder                              isrt.obl(SelectDir.obs)
124  ISRT._CCPSearch                                    setup.obs
125  ISRT._CleanupInet                                  isrt.obl(MIO.obs)
126  ISRT._CloseFile                                    isrt.obl(Files.obs)
127  ISRT._CmdGetHwndDlg                                isrt.obl(CustomDialog.obs)
128  ISRT._ComponentCompareSizeRequired                 isrt.obl(component.obs)
129  ISRT._ComponentErrorInfo                           isrt.obl(component.obs)
130  ISRT._ComponentFilterLanguage                      isrt.obl(component.obs)
131  ISRT._ComponentFilterOS                            isrt.obl(component.obs)
132  ISRT._ComponentGetData                             isrt.obl(component.obs)
133  ISRT._ComponentGetTotalCost                        isrt.obl(component.obs)
134  ISRT._ComponentGetTotalCostEx                      isrt.obl(SdComponentTreeDlg.obs)
135  ISRT._ComponentIsItemSelected                      isrt.obl(component.obs)
136  ISRT._ComponentListItems                           isrt.obl(component.obs)
137  ISRT._ComponentPatch                               isrt.obl(component.obs)
138  ISRT._ComponentReinstall                           isrt.obl(component.obs)
139  ISRT._ComponentRemoveAll                           isrt.obl(component.obs)
140  ISRT._ComponentSaveTarget                          isrt.obl(component.obs)
141  ISRT._ComponentSelectItem                          isrt.obl(component.obs)
142  ISRT._ComponentSelectNew                           isrt.obl(component.obs)
143  ISRT._ComponentSetupTypeSet                        isrt.obl(component.obs)
144  ISRT._ComponentTransferData                        isrt.obl(component.obs)
145  ISRT._ComponentValidate                            isrt.obl(component.obs)
146  ISRT._CreateDir                                    isrt.obl(Files.obs)
147  ISRT._CreateObject                                 isrt.obl(Misc.obs)
148  ISRT._CreateRegistrySet                            isrt.obl(component.obs)
149  ISRT._CtrlGetNotificationCode                      isrt.obl(CustomDialog.obs)
150  ISRT._DefineDialog                                 isrt.obl(CustomDialog.obs)
151  ISRT._DialogSetFont                                isrt.obl(Dialogs.obs)
152  ISRT._DisableStatus                                isrt.obl(Enable.obs)
153  ISRT._DoSprintf                                    isrt.obl(MsgBox.obs)
154  ISRT._EnableDialogCache                            isrt.obl(Enable.obs)
155  ISRT._EnablePrevDialog                             isrt.obl(AskDestPathDlg.obs)
156  ISRT._EnableSkins                                  isrt.obl(Enable.obs)
157  ISRT._EnableStatus                                 isrt.obl(Enable.obs)
158  ISRT._EndDialog                                    isrt.obl(CustomDialog.obs)
159  ISRT._ExistsDir                                    isrt.obl(Files.obs)
160  ISRT._ExistsDisk                                   isrt.obl(Files.obs)
161  ISRT._ExistsFile                                   isrt.obl(Files.obs)
162  ISRT._ExitInstall                                  setup.obs
163  ISRT._GetCurrentDialogName                         isrt.obl(Dialogs.obs)
164  ISRT._GetDiskSpaceEx                               isrt.obl(GSI.obs)
165  ISRT._GetDiskSpaceExEx                             isrt.obl(SdComponentTreeDlg.obs)
166  ISRT._GetGlobalMemorySize                          isrt.obl(GSI.obs)
167  ISRT._GetSelectedTreeComponent                     isrt.obl(CmptView.obs)
168  ISRT._GetSupportDir                                isrt.obl(SysVars.obs)
169  ISRT._InetEndofTransfer                            isrt.obl(iftw.obs)
170  ISRT._InetGetNextDisk                              isrt.obl(iftw.obs)
171  ISRT._InitInstall                                  setup.obs
172  ISRT._IsSkinLoaded                                 isrt.obl(Is.obs)
173  ISRT._IsWindowsME                                  isrt.obl(GSI.obs)
174  ISRT._ListAddItem                                  isrt.obl(scrlist.obs)
175  ISRT._ListAddString                                isrt.obl(scrlist.obs)
176  ISRT._ListCount                                    isrt.obl(scrlist.obs)
177  ISRT._ListCreate                                   isrt.obl(scrlist.obs)
178  ISRT._ListCurrentString                            isrt.obl(scrlist.obs)
179  ISRT._ListDeleteString                             isrt.obl(scrlist.obs)
180  ISRT._ListDestroy                                  isrt.obl(scrlist.obs)
181  ISRT._ListFindString                               isrt.obl(scrlist.obs)
182  ISRT._ListGetFirstItem                             isrt.obl(scrlist.obs)
183  ISRT._ListGetFirstString                           isrt.obl(scrlist.obs)
184  ISRT._ListGetNextItem                              isrt.obl(scrlist.obs)
185  ISRT._ListGetNextString                            isrt.obl(scrlist.obs)
186  ISRT._ListGetType                                  isrt.obl(scrlist.obs)
187  ISRT._ListSetIndex                                 isrt.obl(scrlist.obs)
188  ISRT._MediaGetInfo                                 isrt.obl(component.obs)
189  ISRT._OpenFile                                     isrt.obl(Files.obs)
190  ISRT._Preprogram                                   setup.obs
191  ISRT._Rebooted                                     setup.obs
192  ISRT._RegCreateKey                                 isrt.obl(Registry.obs)
193  ISRT._RegEnum                                      isrt.obl(Registry.obs)
194  ISRT._RegQueryKeyBinaryValue                       isrt.obl(Registry.obs)
195  ISRT._RegQueryKeyValue                             isrt.obl(Registry.obs)
196  ISRT._RegSetKeyBinaryValue                         isrt.obl(Registry.obs)
197  ISRT._RegSetKeyValue                               isrt.obl(Registry.obs)
198  ISRT._ReleaseDialog                                isrt.obl(CustomDialog.obs)
199  ISRT._SdShowMsg                                    isrt.obl(SDSMSG.obs)
200  ISRT._SetAltMainImage                              isrt.obl(Dialogs.obs)
201  ISRT._SetDisplayEffect                             isrt.obl(ui.obs)
202  ISRT._SetPaletteFile                               isrt.obl(MIO.obs)
203  ISRT._SetTitle                                     isrt.obl(ui.obs)
204  ISRT._SetupInet                                    isrt.obl(MIO.obs)
205  ISRT._ShowObjWizardPages                           isrt.obl(Objects.obs)
206  ISRT._ShowWizardPages                              setup.obs
207  ISRT._StatusUpdate                                 isrt.obl(ui.obs)
208  ISRT._TreeViewCreate                               isrt.obl(CmptView.obs)
209  ISRT._WaitOnDialog                                 isrt.obl(CustomDialog.obs)
210  ISRT._WriteLine                                    isrt.obl(Files.obs)
211  ISRT.__CreateObjectContext                         isrt.obl(ISRTInit.obs)
212  ISRT.__GetCmdLineOptions                           isrt.obl(ISRTInit.obs)
213  ISRT.__GetContextGUID                              isrt.obl(ISRTInit.obs)
214  ISRT.__GetEnabledIServices                         isrt.obl(SysVars.obs)
215  ISRT.__GetFileRegistrar                            isrt.obl(ISRTInit.obs)
216  ISRT.__GetInfo                                     isrt.obl(ISRTInit.obs)
217  ISRT.__GetInstallGuid                              isrt.obl(SysVars.obs)
218  ISRT.__GetLog                                      isrt.obl(SysVars.obs)
219  ISRT.__GetLogDB                                    isrt.obl(ISRTInit.obs)
220  ISRT.__GetMainWindow                               setup.obs
221  ISRT.__GetMaintOption                              isrt.obl(SysVars.obs)
222  ISRT.__GetMaintenanceMode                          isrt.obl(SysVars.obs)
223  ISRT.__GetObjects                                  isrt.obl(ISRTInit.obs)
224  ISRT.__GetProductGuid                              isrt.obl(SysVars.obs)
225  ISRT.__GetProgress                                 setup.obs
226  ISRT.__GetReboot                                   isrt.obl(ISRTInit.obs)
227  ISRT.__GetRemoveAllMode                            isrt.obl(SysVars.obs)
228  ISRT.__GetTextSub                                  isrt.obl(ISRTInit.obs)
229  ISRT.__GetUpdateMode                               isrt.obl(SysVars.obs)
230  ISRT.__GetUser                                     isrt.obl(MIO.obs)
231  ISRT.__ISRTGetPropertyBag                          ifx.obl(PersistPropertyBag.obs)
232  ISRT.__ISRTReleasePropertyBag                      ifx.obl(PersistPropertyBag.obs)
233  ISRT.__LoadString                                  isrt.obl(LoadStr.obs)
234  ISRT.__ReleaseObjectContext                        isrt.obl(ISRTInit.obs)
235  ISRT.__RestoreMainLog                              isrt.obl(ISRTInit.obs)
236  ISRT.__SetComponentLog                             isrt.obl(ISRTInit.obs)
237  ISRT.__SetUpdateMode                               isrt.obl(SysVars.obs)
238  ISRTPreprogram                                     isrt.obl(Driver.obs)
239  IfxFilterComponents                                ifx.obl(EventsSetupPriv.obs)
240  IfxFinalConstruct                                  ifx.obl(EventsSetupPriv.obs)
241  IfxFinalRelease                                    ifx.obl(EventsSetupPriv.obs)
242  IfxInitProperties                                  ifx.obl(PersistPropertyBag.obs)
243  IfxOnAbortInstall                                  ifx.obl(EventsPriv.obs)
244  IfxOnAppSearch                                     ifx.obl(EventsPriv.obs)
245  IfxOnCCPSearch                                     ifx.obl(EventsPriv.obs)
246  IfxOnCanceling                                     ifx.obl(EventsPriv.obs)
247  IfxOnDisk1Installed                                ifx.obl(EventsSetupPriv.obs)
248  IfxOnDisk1Installing                               ifx.obl(EventsSetupPriv.obs)
249  IfxOnExitInstall                                   ifx.obl(EventsSetupPriv.obs)
250  IfxOnFileError                                     ifx.obl(EventsSetupPriv.obs)
251  IfxOnFileLocked                                    ifx.obl(EventsSetupPriv.obs)
252  IfxOnFileReadOnly                                  ifx.obl(EventsSetupPriv.obs)
253  IfxOnHelp                                          ifx.obl(EventsPriv.obs)
254  IfxOnInitInstall                                   ifx.obl(EventsSetupPriv.obs)
255  IfxOnInternetError                                 ifx.obl(EventsSetupPriv.obs)
256  IfxOnMD5Error                                      ifx.obl(EventsSetupPriv.obs)
257  IfxOnNextDisk                                      ifx.obl(EventsSetupPriv.obs)
258  IfxOnRebooted                                      ifx.obl(EventsPriv.obs)
259  IfxOnRemovingSharedFile                            ifx.obl(EventsSetupPriv.obs)
260  IfxOnShowWizardPages                               ifx.obl(EventsSetupPriv.obs)
261  IfxOnTransferred                                   ifx.obl(EventsPriv.obs)
262  IfxOnTransferring                                  ifx.obl(EventsSetupPriv.obs)
263  IfxOnUnhandledException                            ifx.obl(EventsPriv.obs)
264  IfxPostprogram                                     ifx.obl(EventsSetupPriv.obs)
265  IfxPreprogram                                      ifx.obl(EventsSetupPriv.obs)
266  IfxReadProperties                                  ifx.obl(PersistPropertyBag.obs)
267  IfxRunAfterReboot                                  ifx.obl(EventsSetupPriv.obs)
268  IfxWriteProperties                                 ifx.obl(PersistPropertyBag.obs)
269  InetEndofTransfer                                  isrt.obl(iftw.obs)
270  InetNextDisk                                       isrt.obl(iftw.obs)
271  InitInstall                                        isrt.obl(Driver.obs)
272  InitProperties                                     ifx.obl(PersistPropertyBag.obs)
273  Is                                                 isrt.obl(Is.obs)
274  IsInetInstall                                      isrt.obl(iftw.obs)
275  KERNEL.GetModuleHandle                             setup.obs
276  KERNEL32.CloseHandle                               isrt.obl(AskDestPathDlg.obs)
277  KERNEL32.CreateFileA                               isrt.obl(AskDestPathDlg.obs)
278  KERNEL32.CreateProcess                             isrt.obl(AskDestPathDlg.obs)
279  KERNEL32.DeleteFileA                               isrt.obl(AskDestPathDlg.obs)
280  KERNEL32.FileTimeToLocalFileTime                   isrt.obl(AskDestPathDlg.obs)
281  KERNEL32.FileTimeToSystemTime                      isrt.obl(AskDestPathDlg.obs)
282  KERNEL32.FindClose                                 isrt.obl(AskDestPathDlg.obs)
283  KERNEL32.FindFirstFileA                            isrt.obl(AskDestPathDlg.obs)
284  KERNEL32.FindNextFileA                             isrt.obl(AskDestPathDlg.obs)
285  KERNEL32.FormatMessageA                            isrt.obl(AskDestPathDlg.obs)
286  KERNEL32.FreeLibrary                               isrt.obl(AskDestPathDlg.obs)
287  KERNEL32.GetDriveType                              isrt.obl(AskDestPathDlg.obs)
288  KERNEL32.GetExitCodeProcess                        isrt.obl(AskDestPathDlg.obs)
289  KERNEL32.GetFileAttributesA                        isrt.obl(AskDestPathDlg.obs)
290  KERNEL32.GetFileTime                               isrt.obl(AskDestPathDlg.obs)
291  KERNEL32.GetLocalTime                              isrt.obl(AskDestPathDlg.obs)
292  KERNEL32.GetLocaleInfo                             isrt.obl(AskDestPathDlg.obs)
293  KERNEL32.GetPrivateProfileSectionA                 isrt.obl(AskDestPathDlg.obs)
294  KERNEL32.GetPrivateProfileString                   isrt.obl(AskDestPathDlg.obs)
295  KERNEL32.GetPrivateProfileStringA                  isrt.obl(AskDestPathDlg.obs)
296  KERNEL32.GetProcAddress                            isrt.obl(AskDestPathDlg.obs)
297  KERNEL32.GetProfileStringA                         isrt.obl(AskDestPathDlg.obs)
298  KERNEL32.GetShortPathNameA                         isrt.obl(AskDestPathDlg.obs)
299  KERNEL32.GetSystemDefaultLCID                      isrt.obl(AskDestPathDlg.obs)
300  KERNEL32.GetUserDefaultLangID                      isrt.obl(AskDestPathDlg.obs)
301  KERNEL32.GetVersion                                isrt.obl(AskDestPathDlg.obs)
302  KERNEL32.GetVersionEx                              isrt.obl(AskDestPathDlg.obs)
303  KERNEL32.GetVolumeInformation                      isrt.obl(AskDestPathDlg.obs)
304  KERNEL32.GetWindowsDirectory                       isrt.obl(AskDestPathDlg.obs)
305  KERNEL32.LoadLibraryA                              isrt.obl(AskDestPathDlg.obs)
306  KERNEL32.LocalFileTimeToFileTime                   isrt.obl(AskDestPathDlg.obs)
307  KERNEL32.SetFileAttributesA                        isrt.obl(AskDestPathDlg.obs)
308  KERNEL32.SetFileTime                               isrt.obl(AskDestPathDlg.obs)
309  KERNEL32.SystemTimeToFileTime                      isrt.obl(AskDestPathDlg.obs)
310  KERNEL32.WritePrivateProfileString                 isrt.obl(AskDestPathDlg.obs)
311  KERNEL32.WritePrivateProfileStringA                isrt.obl(AskDestPathDlg.obs)
312  KERNEL32.WriteProfileStringA                       isrt.obl(AskDestPathDlg.obs)
313  KERNEL32.lstrlen                                   isrt.obl(AskDestPathDlg.obs)
314  LOWORD                                             isrt.obl(Misc.obs)
315  LaunchAppAndWait                                   isrt.obl(Extend.obs)
316  LaunchAppAndWaitInitStartupInfo                    isrt.obl(Extend.obs)
317  ListAddItem                                        isrt.obl(scrlist.obs)
318  ListAddString                                      isrt.obl(scrlist.obs)
319  ListCount                                          isrt.obl(scrlist.obs)
320  ListCreate                                         isrt.obl(scrlist.obs)
321  ListCurrentString                                  isrt.obl(scrlist.obs)
322  ListDeleteString                                   isrt.obl(scrlist.obs)
323  ListDestroy                                        isrt.obl(scrlist.obs)
324  ListFindString                                     isrt.obl(scrlist.obs)
325  ListGetFirstItem                                   isrt.obl(scrlist.obs)
326  ListGetFirstString                                 isrt.obl(scrlist.obs)
327  ListGetNextItem                                    isrt.obl(scrlist.obs)
328  ListGetNextString                                  isrt.obl(scrlist.obs)
329  ListGetType                                        isrt.obl(scrlist.obs)
330  ListSetIndex                                       isrt.obl(scrlist.obs)
331  LoadStringFromStringTable                          isrt.obl(Str.obs)
332  LogReadCustomString                                isrt.obl(Misc.obs)
333  LogReadCustomVariant                               isrt.obl(Misc.obs)
334  LogWriteCustomString                               isrt.obl(Misc.obs)
335  LogWriteCustomVariant                              isrt.obl(Misc.obs)
336  LongPathFromShortPath                              isrt.obl(Str.obs)
337  LongPathToQuote                                    isrt.obl(Str.obs)
338  LongPathToShortPath                                isrt.obl(Str.obs)
339  MAKELONG                                           isrt.obl(Misc.obs)
340  MDAC_Installed                                     setup.obs
341  MIFCreateMIFFile                                   isrt.obl(MIF.obs)
342  MIFDeleteMIFFile                                   isrt.obl(MIF.obs)
343  MIFInitialize                                      isrt.obl(MIF.obs)
344  MIFSetInformation                                  isrt.obl(MIF.obs)
345  MIFUnInitialize                                    isrt.obl(MIF.obs)
346  MIFWasSetInformationCalled                         isrt.obl(MIF.obs)
347  MIOShutdown                                        isrt.obl(MIO.obs)
348  MIOStartup                                         isrt.obl(MIO.obs)
349  MaintenanceStart                                   isrt.obl(Registry.obs)
350  MediaGetData                                       isrt.obl(component.obs)
351  MessageBeep                                        isrt.obl(Misc.obs)
352  MessageBox                                         isrt.obl(MsgBox.obs)
353  MessageBoxEx                                       isrt.obl(MsgBox.obs)
354  OnAbort                                            setup.obs
355  OnAppSearch                                        ifx.obl(EventsSetup.obs)
356  OnBegin                                            setup.obs
357  OnCCPSearch                                        ifx.obl(EventsSetup.obs)
358  OnCanceling                                        ifx.obl(EventsSetup.obs)
359  OnCheckMediaPassword                               ifx.obl(EventsSetup.obs)
360  OnComponentError                                   ifx.obl(EventsSetup.obs)
361  OnCustomizeUninstInfo                              ifx.obl(EventsSetup.obs)
362  OnEnd                                              setup.obs
363  OnFileError                                        ifx.obl(EventsSetup.obs)
364  OnFileLocked                                       ifx.obl(EventsSetup.obs)
365  OnFileReadOnly                                     ifx.obl(EventsSetup.obs)
366  OnFilterComponents                                 ifx.obl(EventsSetup.obs)
367  OnFirstUIAfter                                     ifx.obl(EventsSetup.obs)
368  OnFirstUIBefore                                    setup.obs
369  OnHelp                                             ifx.obl(EventsSetup.obs)
370  OnInstallingFile                                   setup.obs
371  OnInternetError                                    ifx.obl(EventsSetup.obs)
372  OnMD5Error                                         ifx.obl(EventsSetup.obs)
373  OnMaintUIAfter                                     ifx.obl(EventsSetup.obs)
374  OnMaintUIBefore                                    setup.obs
375  OnMoveData                                         ifx.obl(EventsSetup.obs)
376  OnMoved                                            ifx.obl(EventsSetup.obs)
377  OnMoving                                           setup.obs
378  OnNextDisk                                         ifx.obl(EventsSetup.obs)
379  OnRebooted                                         ifx.obl(EventsSetup.obs)
380  OnRemovingSharedFile                               ifx.obl(EventsSetup.obs)
381  OnSelfRegistrationError                            ifx.obl(EventsSetup.obs)
382  OnSetUpdateMode                                    ifx.obl(EventsSetup.obs)
383  OnShowUI                                           ifx.obl(EventsSetup.obs)
384  OnUnhandledException                               ifx.obl(EventsPriv.obs)
385  OnUninstallingFile                                 setup.obs
386  OnUpdateUIAfter                                    ifx.obl(EventsSetup.obs)
387  OnUpdateUIBefore                                   ifx.obl(EventsSetup.obs)
388  OpenFile                                           isrt.obl(Files.obs)
389  OpenFileMode                                       isrt.obl(Files.obs)
390  PCRestoreInit                                      isrt.obl(PCRestore.obs)
391  PCRestoreOnAbort                                   isrt.obl(PCRestore.obs)
392  PCRestoreOnBegin                                   isrt.obl(PCRestore.obs)
393  PCRestoreOnExit                                    isrt.obl(PCRestore.obs)
394  ParsePath                                          isrt.obl(Str.obs)
395  Postprogram                                        ifx.obl(EventsSetupPriv.obs)
396  Preprogram                                         ifx.obl(EventsSetupPriv.obs)
397  ProgDefGroupType                                   isrt.obl(Shell.obs)
398  ProgGetGroupType                                   isrt.obl(Shell.obs)
399  ProgramFiles_Installed                             setup.obs
400  ProgramFiles_UnInstalling                          setup.obs
401  PthFixPath                                         isrt.obl(Pth.obs)
402  PthIsAbsPath                                       isrt.obl(Pth.obs)
403  ReadProperties                                     ifx.obl(PersistPropertyBag.obs)
404  Rebooted                                           isrt.obl(Driver.obs)
405  RegDBGetDefaultRoot                                isrt.obl(Registry.obs)
406  RegDBGetItem                                       isrt.obl(Registry.obs)
407  RegDBGetKeyValueEx                                 isrt.obl(Registry.obs)
408  RegDBInit                                          isrt.obl(Registry.obs)
409  RegDBQueryKey                                      isrt.obl(Registry.obs)
410  RegDBQueryKeyCount                                 isrt.obl(Registry.obs)
411  RegDBQueryStringMultiStringCount                   isrt.obl(Registry.obs)
412  RegDBQueryValue                                    isrt.obl(Registry.obs)
413  RegDBSetDefaultRoot                                isrt.obl(Registry.obs)
414  RegDBSetItem                                       isrt.obl(Registry.obs)
415  RegDBSetValue                                      isrt.obl(Registry.obs)
416  RegDBSetVersion                                    isrt.obl(Registry.obs)
417  ReleaseDialog                                      isrt.obl(CustomDialog.obs)
418  SdAskDestPath                                      isrt.obl(SdAskDestPathDlg.obs)
419  SdCloseDlg                                         isrt.obl(SDINT.obs)
420  SdComponentDlgCheckSpace                           isrt.obl(SDINT.obs)
421  SdComponentTree                                    isrt.obl(SdComponentTreeDlg.obs)
422  SdDlgToTop                                         isrt.obl(SDINT.obs)
423  SdDoStdButton                                      isrt.obl(SDINT.obs)
424  SdEnablement                                       isrt.obl(SDINT.obs)
425  SdError                                            isrt.obl(SDINT.obs)
426  SdFinish                                           isrt.obl(SdFinishDlg.obs)
427  SdFinishReboot                                     isrt.obl(SdFinishRebootDlg.obs)
428  SdFinishUpdateEx                                   isrt.obl(SdFinishUpdate.obs)
429  SdGeneralInit                                      isrt.obl(SDINT.obs)
430  SdInit                                             isrt.obl(SDINT.obs)
431  SdIsStdButton                                      isrt.obl(SDINT.obs)
432  SdLoadString                                       isrt.obl(SDINT.obs)
433  SdMakeName                                         isrt.obl(SDINT.obs)
434  SdPlugInProductName                                isrt.obl(SDINT.obs)
435  SdSetDlgTitle                                      isrt.obl(SDINT.obs)
436  SdSetStatic                                        isrt.obl(SDINT.obs)
437  SdShowMsg                                          isrt.obl(SDSMSG.obs)
438  SdSubstituteProductInfo                            isrt.obl(SDINT.obs)
439  SdUnInit                                           isrt.obl(SDINT.obs)
440  SdWelcome                                          isrt.obl(SdWelcomeDlg.obs)
441  SelectDir                                          isrt.obl(SelectDir.obs)
442  SelectDirNoLog                                     isrt.obl(SelectDir.obs)
443  SendMessage                                        isrt.obl(Misc.obs)
444  ServiceInitParams                                  isrt.obl(Service.obs)
445  SetCmdLine                                         isrt.obl(SysVars.obs)
446  SetDialogTitle                                     isrt.obl(Dialogs.obs)
447  SetDisplayEffect                                   isrt.obl(ui.obs)
448  SetExtendedErrInfo                                 isrt.obl(IsUtil.obs)
449  SetFileInfo                                        isrt.obl(Files.obs)
450  SetFolderDesktop                                   isrt.obl(SysVars.obs)
451  SetFolderPrograms                                  isrt.obl(SysVars.obs)
452  SetFolderStartMenu                                 isrt.obl(SysVars.obs)
453  SetFolderStartup                                   isrt.obl(SysVars.obs)
454  SetStatusWindow                                    isrt.obl(ui.obs)
455  SetTitle                                           isrt.obl(ui.obs)
456  ShowObjWizardPages                                 isrt.obl(Objects.obs)
457  ShowWizardPages                                    isrt.obl(Driver.obs)
458  SilentCreateFile                                   isrt.obl(Silent.obs)
459  SilentDoGeneralInfo                                isrt.obl(Silent.obs)
460  SilentFailed                                       isrt.obl(Silent.obs)
461  SilentFinish                                       isrt.obl(Silent.obs)
462  SilentInit                                         isrt.obl(Silent.obs)
463  SilentLogWriteData                                 isrt.obl(Silent.obs)
464  SilentReadData                                     isrt.obl(Silent.obs)
465  SilentSetInfo                                      isrt.obl(Silent.obs)
466  SilentSetMode                                      isrt.obl(Silent.obs)
467  SilentWriteData                                    isrt.obl(Silent.obs)
468  Sprintf                                            isrt.obl(Str.obs)
469  SprintfBox                                         isrt.obl(MsgBox.obs)
470  StatusUpdate                                       isrt.obl(ui.obs)
471  StrAddLastSlash                                    isrt.obl(Str.obs)
472  StrFindEx                                          isrt.obl(Str.obs)
473  StrGetTokens                                       isrt.obl(Str.obs)
474  StrLength                                          isrt.obl(Str.obs)
475  StrRemoveLastSlash                                 isrt.obl(Str.obs)
476  StrRemoveSpaces                                    isrt.obl(Str.obs)
477  StrReplace                                         isrt.obl(Str.obs)
478  StrToNumHex                                        isrt.obl(Str.obs)
479  StrToUpper                                         isrt.obl(Str.obs)
480  SysVarsInit                                        isrt.obl(SysVars.obs)
481  SysVarsUnInit                                      isrt.obl(SysVars.obs)
482  System                                             isrt.obl(Misc.obs)
483  TreeViewCreate                                     isrt.obl(CmptView.obs)
484  USER.EnableWindow                                  setup.obs
485  USER.GetClassName                                  setup.obs
486  USER.GetDC                                         setup.obs
487  USER.GetDlgItem                                    setup.obs
488  USER.GetFocus                                      setup.obs
489  USER.GetWindowLong                                 setup.obs
490  USER.IsIconic                                      setup.obs
491  USER.IsWindow                                      setup.obs
492  USER.IsWindowVisible                               isrt.obl(AskDestPathDlg.obs)
493  USER.ReleaseDC                                     setup.obs
494  USER.SendMessageA                                  isrt.obl(AskDestPathDlg.obs)
495  USER.SetFocus                                      setup.obs
496  USER.SetForegroundWindow                           isrt.obl(AskDestPathDlg.obs)
497  USER.SetWindowPos                                  setup.obs
498  USER.SetWindowText                                 setup.obs
499  USER.ShowWindow                                    setup.obs
500  USER32.CharUpperBuffA                              isrt.obl(AskDestPathDlg.obs)
501  USER32.GetSystemMetrics                            isrt.obl(AskDestPathDlg.obs)
502  USER32.GetWindowText                               isrt.obl(AskDestPathDlg.obs)
503  USER32.GetWindowTextLength                         isrt.obl(AskDestPathDlg.obs)
504  USER32.MessageBoxA                                 isrt.obl(AskDestPathDlg.obs)
505  USER32.MsgWaitForMultipleObjects                   isrt.obl(AskDestPathDlg.obs)
506  USER32.PeekMessageA                                isrt.obl(AskDestPathDlg.obs)
507  USER32.SendMessageA                                isrt.obl(AskDestPathDlg.obs)
508  USER32.SetWindowLong                               isrt.obl(AskDestPathDlg.obs)
509  USER32.SetWindowRgn                                isrt.obl(AskDestPathDlg.obs)
510  UpdateServiceCheckForUpdates                       isrt.obl(ISUpdateService.obs)
511  UpdateServiceInitTargets                           isrt.obl(ISUpdateService.obs)
512  UpdateServiceRegisterProduct                       isrt.obl(ISUpdateService.obs)
513  VC6Redist_Installed                                setup.obs
514  VarRestore                                         isrt.obl(SysVars.obs)
515  VarSave                                            isrt.obl(SysVars.obs)
516  VerProductCompareVersions                          isrt.obl(version.obs)
517  VerProductGetInstalledVersion                      isrt.obl(version.obs)
518  VerProductIsVersionSupported                       isrt.obl(version.obs)
519  VerProductNumToStr                                 isrt.obl(version.obs)
520  VerProductStrToNum                                 isrt.obl(version.obs)
521  VerProductVerFromVerParts                          isrt.obl(version.obs)
522  VerProductVerPartsFromVer                          isrt.obl(version.obs)
523  WaitOnDialog                                       isrt.obl(CustomDialog.obs)
524  WriteLine                                          isrt.obl(Files.obs)
525  WriteProfInt                                       isrt.obl(Profile.obs)
526  WriteProfString                                    isrt.obl(Profile.obs)
527  WriteProperties                                    ifx.obl(PersistPropertyBag.obs)
528  XMLParser_Installed                                setup.obs
529  _HandleException                                   isrt.obl(exceptions.obs)
530  __ISRTDoExit                                       isrt.obl(Misc.obs)
531  __ISRTInit                                         isrt.obl(ISRTInit.obs)
532  __ISRTRestoreMainLog                               isrt.obl(ISRTInit.obs)
533  __ISRTSetComponentLog                              isrt.obl(ISRTInit.obs)
534  __ISRTUnInit                                       isrt.obl(ISRTInit.obs)
535  __LoadIScriptString                                isrt.obl(LoadStr.obs)
536  program                                            ifx.obl(EventsSetupPriv.obs)
537  sfc.SRSetRestorePoint                              setup.obs


***** External Variables *****
1    ADDREMOVE                                          isrt.obl(DebugSymbols.obs)
2    ALLUSERS                                           setup.obs
3    BATCH_INSTALL                                      setup.obs
4    CMDLINE                                            isrt.obl(DebugSymbols.obs)
5    COMMONFILES                                        isrt.obl(DebugSymbols.obs)
6    DISABLE_ALLUSERBTN                                 setup.obs
7    DISABLE_PERUSERBTN                                 setup.obs
8    DISK1TARGET                                        setup.obs
9    ENABLED_ISERVICES                                  isrt.obl(DebugSymbols.obs)
10   ENGINECOMMONDIR                                    isrt.obl(DebugSymbols.obs)
11   ENGINEDIR                                          isrt.obl(DebugSymbols.obs)
12   ERRORFILENAME                                      setup.obs
13   Err                                                setup.obs
14   FILETIME                                           isrt.obl(AskDestPathDlg.obs)
15   FIND_DATA                                          isrt.obl(AskDestPathDlg.obs)
16   FOLDER_APPDATA                                     isrt.obl(DebugSymbols.obs)
17   FOLDER_DESKTOP                                     isrt.obl(DebugSymbols.obs)
18   FOLDER_PERSONAL                                    isrt.obl(DebugSymbols.obs)
19   FOLDER_PROGRAMS                                    isrt.obl(DebugSymbols.obs)
20   FOLDER_STARTMENU                                   isrt.obl(DebugSymbols.obs)
21   FOLDER_STARTUP                                     isrt.obl(DebugSymbols.obs)
22   FOLDER_TEMP                                        isrt.obl(DebugSymbols.obs)
23   FileRegistrar                                      setup.obs
24   IFX_COMPANY_NAME                                   setup.obs
25   IFX_DISK1INSTALLED                                 setup.obs
26   IFX_INITIALIZED                                    setup.obs
27   IFX_INSTALLED_DISPLAY_VERSION                      setup.obs
28   IFX_INSTALLED_VERSION                              setup.obs
29   IFX_MULTI_INSTANCE_SUFFIX                          setup.obs
30   IFX_PRODUCT_DISPLAY_NAME                           setup.obs
31   IFX_PRODUCT_DISPLAY_VERSION                        setup.obs
32   IFX_PRODUCT_KEY                                    setup.obs
33   IFX_PRODUCT_NAME                                   setup.obs
34   IFX_PRODUCT_VERSION                                setup.obs
35   IFX_SETUP_TITLE                                    setup.obs
36   IFX_SUPPORTED_VERSIONS                             setup.obs
37   INSTANCE_GUID                                      isrt.obl(DebugSymbols.obs)
38   ISRES                                              isrt.obl(DebugSymbols.obs)
39   ISUSER                                             isrt.obl(DebugSymbols.obs)
40   ISUTIL_FUNCTION_ACTUAL_ERROR                       setup.obs
41   ISUTIL_LINE_NUMBER                                 setup.obs
42   ISUTIL_SCRIPT_FILE                                 setup.obs
43   ISVERSION                                          isrt.obl(DebugSymbols.obs)
44   InetSRCDIR                                         setup.obs
45   LAAW_PARAMETERS                                    setup.obs
46   LAAW_PROCESS_INFORMATION                           setup.obs
47   LAAW_STARTUPINFO                                   setup.obs
48   LAST_RESULT                                        setup.obs
49   LogDB                                              setup.obs
50   MAINTENANCE                                        isrt.obl(DebugSymbols.obs)
51   MAINT_OPTION                                       isrt.obl(DebugSymbols.obs)
52   MEDIA                                              setup.obs
53   MEDIA_INFO                                         isrt.obl(component.obs)
54   MODE                                               setup.obs
55   MSG                                                isrt.obl(AskDestPathDlg.obs)
56   MULTI_INSTANCE_COUNT                               isrt.obl(DebugSymbols.obs)
57   MainWindow                                         setup.obs
58   NOTHING                                            setup.obs
59   OSINFO_PLATFORM_INFO                               setup.obs
60   OSVERSIONINFO                                      isrt.obl(AskDestPathDlg.obs)
61   OSVERSIONINFOEX                                    isrt.obl(AskDestPathDlg.obs)
62   Objects                                            setup.obs
63   PACKAGE_LOCATION                                   isrt.obl(DebugSymbols.obs)
64   POINT                                              isrt.obl(AskDestPathDlg.obs)
65   PROCESS_INFORMATION                                setup.obs
66   PRODUCT_GUID                                       isrt.obl(DebugSymbols.obs)
67   PROGRAMFILES                                       isrt.obl(DebugSymbols.obs)
68   RECT                                               isrt.obl(AskDestPathDlg.obs)
69   REMOVEALLMODE                                      isrt.obl(DebugSymbols.obs)
70   Reboot                                             setup.obs
71   SELECTED_LANGUAGE                                  isrt.obl(DebugSymbols.obs)
72   SERVICE_IS_PARAMS                                  setup.obs
73   SHELL_OBJECT_FOLDER                                setup.obs
74   SHOW_PASSWORD_DIALOG                               isrt.obl(DebugSymbols.obs)
75   SRCDIR                                             setup.obs
76   SRCDISK                                            isrt.obl(DebugSymbols.obs)
77   STARTUPINFO                                        setup.obs
78   SUPPORTDIR                                         isrt.obl(DebugSymbols.obs)
79   SYSTEMTIME                                         isrt.obl(AskDestPathDlg.obs)
80   SetupInfo                                          setup.obs
81   StatusDlg                                          setup.obs
82   TARGETDIR                                          setup.obs
83   TARGETDISK                                         isrt.obl(DebugSymbols.obs)
84   TextSub                                            setup.obs
85   UNINST                                             setup.obs
86   UNINSTALL_STRING                                   setup.obs
87   UPDATEMODE                                         setup.obs
88   WINDIR                                             isrt.obl(DebugSymbols.obs)
89   WINDISK                                            isrt.obl(DebugSymbols.obs)
90   WINSYSDIR                                          isrt.obl(DebugSymbols.obs)
91   WINSYSDISK                                         isrt.obl(DebugSymbols.obs)
92   _INT64                                             setup.obs
93   _LAAW_PARAMETERS                                   setup.obs
94   _RESTOREINFO_                                      setup.obs
95   _RESTOREPTINFO                                     setup.obs
96   _SERVICE_IS_PARAMS                                 setup.obs
97   _SMGRSTATUS                                        setup.obs
98   _SMGSTATUS_                                        setup.obs
99   _WIN9X                                             setup.obs
100  _WINNT                                             setup.obs
101  __SYSTEMINFORMATION                                setup.obs
102  __hContext                                         isrt.obl(AskYesNo.obs)
103  __objGlobalTextSub                                 setup.obs
104  __szGUID                                           isrt.obl(ISRTInit.obs)
105  bBackButton                                        setup.obs
106  bCancelButton                                      setup.obs
107  bEnterDiskBeep                                     isrt.obl(AskDestPathDlg.obs)
108  bFinishButton                                      setup.obs
109  bIFXLFNoToAll                                      setup.obs
110  bIFXLFOnRebootToAll                                setup.obs
111  bIFXLFYesToAll                                     setup.obs
112  bIFXMD5IgnoreToAll                                 setup.obs
113  bIFXRONoToAll                                      setup.obs
114  bIFXROYesToAll                                     setup.obs
115  bIFXSFNoToAll                                      setup.obs
116  bIFXSFYesToAll                                     setup.obs
117  bIfxPCHInitialized                                 setup.obs
118  bIfxPCHOn                                          setup.obs
119  bInstall16                                         setup.obs
120  bNextButton                                        setup.obs
121  bSdInit                                            setup.obs
122  bViewCmptKunits                                    setup.obs
123  bViewCmptUseDecimal                                setup.obs
124  g_bSuppressMissingStringWarning                    isrt.obl(Enable.obs)
125  nIfxPCHType                                        setup.obs
126  szAppKey                                           setup.obs
127  szInstallDeinstKey                                 setup.obs
128  szSdProduct                                        setup.obs
129  szSdStr_NotEnoughSpace                             setup.obs
